2026-09-14 19:31:43 - lib.GazoToolsAI - WARNING - [GazoToolsAI.py:33] - torch / torchvision が見つからないため、AI機能は無効化されます
2026-09-14 19:33:15 - lib.GazoToolsState - WARNING - [GazoToolsState.py:352] - 不明なウィンドウ: vector_window_geometry
2026-09-14 19:47:38 - lib.GazoToolsAI - WARNING - [GazoToolsAI.py:33] - torch / torchvision が見つからないため、AI機能は無効化されます
2026-09-14 19:49:00 - lib.GazoToolsState - WARNING - [GazoToolsState.py:352] - 不明なウィンドウ: vector_window_geometry
2026-09-14 19:59:57 - lib.GazoToolsAI - WARNING - [GazoToolsAI.py:33] - torch / torchvision が見つからないため、AI機能は無効化されます
2026-09-14 20:00:22 - lib.GazoToolsState - WARNING - [GazoToolsState.py:352] - 不明なウィンドウ: vector_window_geometry
2026-09-14 20:04:09 - lib.GazoToolsAI - WARNING - [GazoToolsAI.py:33] - torch / torchvision が見つからないため、AI機能は無効化されます
2026-09-14 20:04:27 - lib.GazoToolsState - WARNING - [GazoToolsState.py:352] - 不明なウィンドウ: vector_window_geometry
2026-09-14 20:04:55 - lib.GazoToolsAI - WARNING - [GazoToolsAI.py:33] - torch / torchvision が見つからないため、AI機能は無効化されます
2026-09-14 20:10:43 - lib.GazoToolsAI - WARNING - [GazoToolsAI.py:33] - torch / torchvision が見つからないため、AI機能は無効化されます
2026-09-14 20:12:26 - lib.GazoToolsState - WARNING - [GazoToolsState.py:352] - 不明なウィンドウ: vector_window_geometry
2026-09-14 20:16:34 - lib.GazoToolsAI - WARNING - [GazoToolsAI.py:33] - torch / torchvision が見つからないため、AI機能は無効化されます
2026-09-14 20:16:39 - GazoToolsLogic - ERROR - [GazoToolsLogic.py:1449] - 画像表示中に例外が発生しました: /home/masayukitamate/画像/HRCaqSiaMAAwFXn.jpg
Traceback (most recent call last):
  File "/home/masayukitamate/AI_Crieat_room/GazoTools/GazoToolsLogic.py", line 1197, in Drawing
    display_name = os.path.basename(fileName) if os.path.sep in fileName or os.path.altsep in fileName else fileName
                                                                            ^^^^^^^^^^^^^^^^^^^^^^^^^^
TypeError: 'in <string>' requires string as left operand, not NoneType
2026-09-14 20:19:11 - lib.GazoToolsState - WARNING - [GazoToolsState.py:352] - 不明なウィンドウ: vector_window_geometry
2026-09-14 20:19:15 - lib.GazoToolsAI - WARNING - [GazoToolsAI.py:33] - torch / torchvision が見つからないため、AI機能は無効化されます
2026-09-14 20:19:19 - GazoToolsLogic - ERROR - [GazoToolsLogic.py:1451] - 画像表示中に例外が発生しました: /home/masayukitamate/画像/HQ9TXOgbMAA4YMs.jpg
Traceback (most recent call last):
  File "/home/masayukitamate/AI_Crieat_room/GazoTools/GazoToolsLogic.py", line 1199, in Drawing
    display_name = os.path.basename(fileName) if os.path.sep in fileName or os.path.altsep in fileName else fileName
                                                                            ^^^^^^^^^^^^^^^^^^^^^^^^^^
TypeError: 'in <string>' requires string as left operand, not NoneType
2026-09-14 20:24:32 - lib.GazoToolsState - WARNING - [GazoToolsState.py:352] - 不明なウィンドウ: vector_window_geometry
2026-09-14 20:28:23 - lib.GazoToolsAI - WARNING - [GazoToolsAI.py:33] - torch / torchvision が見つからないため、AI機能は無効化されます
2026-09-14 20:28:32 - GazoToolsLogic - ERROR - [GazoToolsLogic.py:1451] - 画像表示中に例外が発生しました: /home/masayukitamate/画像/HRCaqSiaMAAwFXn.jpg
Traceback (most recent call last):
  File "/home/masayukitamate/AI_Crieat_room/GazoTools/GazoToolsLogic.py", line 1199, in Drawing
    display_name = os.path.basename(fileName) if os.path.sep in fileName or os.path.altsep in fileName else fileName
                                                                            ^^^^^^^^^^^^^^^^^^^^^^^^^^
TypeError: 'in <string>' requires string as left operand, not NoneType
2026-09-14 20:28:39 - lib.GazoToolsState - WARNING - [GazoToolsState.py:352] - 不明なウィンドウ: vector_window_geometry
2026-09-14 20:30:14 - lib.GazoToolsAI - WARNING - [GazoToolsAI.py:33] - torch / torchvision が見つからないため、AI機能は無効化されます
2026-09-14 20:30:18 - lib.GazoToolsAI - WARNING - [GazoToolsAI.py:61] - AI機能は無効です: torch / torchvision がインストールされていません
2026-09-14 20:31:39 - lib.GazoToolsState - WARNING - [GazoToolsState.py:352] - 不明なウィンドウ: vector_window_geometry
2026-09-14 20:47:54 - lib.GazoToolsAI - WARNING - [GazoToolsAI.py:33] - torch / torchvision が見つからないため、AI機能は無効化されます
2026-09-14 20:48:14 - lib.GazoToolsAI - WARNING - [GazoToolsAI.py:61] - AI機能は無効です: torch / torchvision がインストールされていません
2026-09-14 20:51:29 - lib.GazoToolsAI - ERROR - [GazoToolsAI.py:163] - AIモデルが利用可能ではありません
2026-09-14 20:51:29 - lib.GazoToolsGUI - ERROR - [GazoToolsGUI.py:293] - データ準備スレッドエラー: AI model is not available
Traceback (most recent call last):
  File "/home/masayukitamate/AI_Crieat_room/GazoTools/lib/GazoToolsGUI.py", line 226, in prepare_data_thread
    vec = engine.get_image_feature(self.target_file)
  File "/home/masayukitamate/AI_Crieat_room/GazoTools/lib/GazoToolsAI.py", line 164, in get_image_feature
    raise AIModelError("AI model is not available")
lib.GazoToolsExceptions.AIModelError: AI model is not available
2026-09-14 20:51:36 - lib.GazoToolsState - WARNING - [GazoToolsState.py:352] - 不明なウィンドウ: vector_window_geometry
2026-09-14 20:55:01 - lib.GazoToolsAI - WARNING - [GazoToolsAI.py:33] - torch / torchvision が見つからないため、AI機能は無効化されます
2026-09-14 20:55:21 - lib.GazoToolsAI - WARNING - [GazoToolsAI.py:61] - AI機能は無効です: torch / torchvision がインストールされていません
2026-09-14 21:01:33 - lib.GazoToolsState - WARNING - [GazoToolsState.py:352] - 不明なウィンドウ: vector_window_geometry
2026-09-14 21:04:15 - lib.GazoToolsAI - WARNING - [GazoToolsAI.py:33] - torch / torchvision が見つからないため、AI機能は無効化されます
2026-09-14 21:04:28 - lib.GazoToolsState - WARNING - [GazoToolsState.py:352] - 不明なウィンドウ: vector_window_geometry
2026-09-14 21:04:33 - lib.GazoToolsAI - WARNING - [GazoToolsAI.py:33] - torch / torchvision が見つからないため、AI機能は無効化されます
2026-09-14 21:04:51 - lib.GazoToolsAI - WARNING - [GazoToolsAI.py:61] - AI機能は無効です: torch / torchvision がインストールされていません
2026-09-14 21:07:13 - lib.GazoToolsState - WARNING - [GazoToolsState.py:352] - 不明なウィンドウ: vector_window_geometry
2026-09-14 21:07:46 - lib.GazoToolsAI - WARNING - [GazoToolsAI.py:33] - torch / torchvision が見つからないため、AI機能は無効化されます
2026-09-14 21:08:16 - GazoToolsLogic - ERROR - [GazoToolsLogic.py:1574] - 画像表示中に例外が発生しました: /home/masayukitamate/画像/e-roな画像たち/ー確定ー～☆20201128物陰no1.jpg
Traceback (most recent call last):
  File "/home/masayukitamate/AI_Crieat_room/GazoTools/GazoToolsLogic.py", line 1349, in Drawing
    canvas.create_image(0, 0, image=tkimg, anchor=tk.NW)
    ~~~~~~~~~~~~~~~~~~~^^^^^^^^^^^^^^^^^^^^^^^^^^^^^^^^^
  File "/usr/lib64/python3.14/tkinter/__init__.py", line 3021, in create_image
    return self._create('image', args, kw)
           ~~~~~~~~~~~~^^^^^^^^^^^^^^^^^^^
  File "/usr/lib64/python3.14/tkinter/__init__.py", line 3007, in _create
    return self.tk.getint(self.tk.call(
                          ~~~~~~~~~~~~^
        self._w, 'create', itemType,
        ^^^^^^^^^^^^^^^^^^^^^^^^^^^^
        *(args + self._options(cnf, kw))))
        ^^^^^^^^^^^^^^^^^^^^^^^^^^^^^^^^^
_tkinter.TclError: image "pyimage2" does not exist
2026-09-14 21:08:16 - GazoToolsLogic - ERROR - [GazoToolsLogic.py:1574] - 画像表示中に例外が発生しました: /home/masayukitamate/画像/e-roな画像たち/ー確定ー～☆20201128物陰no1.jpg
Traceback (most recent call last):
  File "/home/masayukitamate/AI_Crieat_room/GazoTools/GazoToolsLogic.py", line 1349, in Drawing
    canvas.create_image(0, 0, image=tkimg, anchor=tk.NW)
    ~~~~~~~~~~~~~~~~~~~^^^^^^^^^^^^^^^^^^^^^^^^^^^^^^^^^
  File "/usr/lib64/python3.14/tkinter/__init__.py", line 3021, in create_image
    return self._create('image', args, kw)
           ~~~~~~~~~~~~^^^^^^^^^^^^^^^^^^^
  File "/usr/lib64/python3.14/tkinter/__init__.py", line 3007, in _create
    return self.tk.getint(self.tk.call(
                          ~~~~~~~~~~~~^
        self._w, 'create', itemType,
        ^^^^^^^^^^^^^^^^^^^^^^^^^^^^
        *(args + self._options(cnf, kw))))
        ^^^^^^^^^^^^^^^^^^^^^^^^^^^^^^^^^
_tkinter.TclError: image "pyimage2" does not exist
2026-09-14 21:08:24 - GazoToolsLogic - ERROR - [GazoToolsLogic.py:1574] - 画像表示中に例外が発生しました: /home/masayukitamate/画像/e-roな画像たち/ー確定ー使われている壁尻固定1.webp
Traceback (most recent call last):
  File "/home/masayukitamate/AI_Crieat_room/GazoTools/GazoToolsLogic.py", line 1349, in Drawing
    canvas.create_image(0, 0, image=tkimg, anchor=tk.NW)
    ~~~~~~~~~~~~~~~~~~~^^^^^^^^^^^^^^^^^^^^^^^^^^^^^^^^^
  File "/usr/lib64/python3.14/tkinter/__init__.py", line 3021, in create_image
    return self._create('image', args, kw)
           ~~~~~~~~~~~~^^^^^^^^^^^^^^^^^^^
  File "/usr/lib64/python3.14/tkinter/__init__.py", line 3007, in _create
    return self.tk.getint(self.tk.call(
                          ~~~~~~~~~~~~^
        self._w, 'create', itemType,
        ^^^^^^^^^^^^^^^^^^^^^^^^^^^^
        *(args + self._options(cnf, kw))))
        ^^^^^^^^^^^^^^^^^^^^^^^^^^^^^^^^^
_tkinter.TclError: image "pyimage3" does not exist
2026-09-14 21:08:24 - GazoToolsLogic - ERROR - [GazoToolsLogic.py:1574] - 画像表示中に例外が発生しました: /home/masayukitamate/画像/e-roな画像たち/ー確定ー使われている壁尻固定1.webp
Traceback (most recent call last):
  File "/home/masayukitamate/AI_Crieat_room/GazoTools/GazoToolsLogic.py", line 1349, in Drawing
    canvas.create_image(0, 0, image=tkimg, anchor=tk.NW)
    ~~~~~~~~~~~~~~~~~~~^^^^^^^^^^^^^^^^^^^^^^^^^^^^^^^^^
  File "/usr/lib64/python3.14/tkinter/__init__.py", line 3021, in create_image
    return self._create('image', args, kw)
           ~~~~~~~~~~~~^^^^^^^^^^^^^^^^^^^
  File "/usr/lib64/python3.14/tkinter/__init__.py", line 3007, in _create
    return self.tk.getint(self.tk.call(
                          ~~~~~~~~~~~~^
        self._w, 'create', itemType,
        ^^^^^^^^^^^^^^^^^^^^^^^^^^^^
        *(args + self._options(cnf, kw))))
        ^^^^^^^^^^^^^^^^^^^^^^^^^^^^^^^^^
_tkinter.TclError: image "pyimage3" does not exist
2026-09-14 21:08:30 - GazoToolsLogic - ERROR - [GazoToolsLogic.py:1574] - 画像表示中に例外が発生しました: /home/masayukitamate/画像/e-roな画像たち/ー確定ー女満同士170611045.gif
Traceback (most recent call last):
  File "/home/masayukitamate/AI_Crieat_room/GazoTools/GazoToolsLogic.py", line 1349, in Drawing
    canvas.create_image(0, 0, image=tkimg, anchor=tk.NW)
    ~~~~~~~~~~~~~~~~~~~^^^^^^^^^^^^^^^^^^^^^^^^^^^^^^^^^
  File "/usr/lib64/python3.14/tkinter/__init__.py", line 3021, in create_image
    return self._create('image', args, kw)
           ~~~~~~~~~~~~^^^^^^^^^^^^^^^^^^^
  File "/usr/lib64/python3.14/tkinter/__init__.py", line 3007, in _create
    return self.tk.getint(self.tk.call(
                          ~~~~~~~~~~~~^
        self._w, 'create', itemType,
        ^^^^^^^^^^^^^^^^^^^^^^^^^^^^
        *(args + self._options(cnf, kw))))
        ^^^^^^^^^^^^^^^^^^^^^^^^^^^^^^^^^
_tkinter.TclError: image "pyimage4" does not exist
2026-09-14 21:08:30 - GazoToolsLogic - ERROR - [GazoToolsLogic.py:1574] - 画像表示中に例外が発生しました: /home/masayukitamate/画像/e-roな画像たち/ー確定ー女満同士170611045.gif
Traceback (most recent call last):
  File "/home/masayukitamate/AI_Crieat_room/GazoTools/GazoToolsLogic.py", line 1349, in Drawing
    canvas.create_image(0, 0, image=tkimg, anchor=tk.NW)
    ~~~~~~~~~~~~~~~~~~~^^^^^^^^^^^^^^^^^^^^^^^^^^^^^^^^^
  File "/usr/lib64/python3.14/tkinter/__init__.py", line 3021, in create_image
    return self._create('image', args, kw)
           ~~~~~~~~~~~~^^^^^^^^^^^^^^^^^^^
  File "/usr/lib64/python3.14/tkinter/__init__.py", line 3007, in _create
    return self.tk.getint(self.tk.call(
                          ~~~~~~~~~~~~^
        self._w, 'create', itemType,
        ^^^^^^^^^^^^^^^^^^^^^^^^^^^^
        *(args + self._options(cnf, kw))))
        ^^^^^^^^^^^^^^^^^^^^^^^^^^^^^^^^^
_tkinter.TclError: image "pyimage4" does not exist
2026-09-14 21:09:17 - lib.GazoToolsState - WARNING - [GazoToolsState.py:352] - 不明なウィンドウ: vector_window_geometry
2026-09-14 21:09:17 - lib.GazoToolsState - WARNING - [GazoToolsState.py:352] - 不明なウィンドウ: vector_window_geometry
2026-09-14 21:09:17 - lib.GazoToolsState - WARNING - [GazoToolsState.py:352] - 不明なウィンドウ: vector_window_geometry
2026-09-14 21:09:17 - lib.GazoToolsState - WARNING - [GazoToolsState.py:352] - 不明なウィンドウ: vector_window_geometry
2026-09-14 21:09:17 - lib.GazoToolsAI - WARNING - [GazoToolsAI.py:61] - AI機能は無効です: torch / torchvision がインストールされていません
2026-09-14 21:09:17 - lib.GazoToolsAI - WARNING - [GazoToolsAI.py:61] - AI機能は無効です: torch / torchvision がインストールされていません
2026-09-14 21:09:17 - GazoToolsLogic - ERROR - [GazoToolsLogic.py:1413] - ベクトル解釈エラー詳細:
Traceback (most recent call last):
  File "/home/masayukitamate/AI_Crieat_room/GazoTools/GazoToolsLogic.py", line 1397, in Drawing
    run_manual_vectorize()
    ~~~~~~~~~~~~~~~~~~~~^^
  File "/home/masayukitamate/AI_Crieat_room/GazoTools/GazoToolsLogic.py", line 1378, in run_manual_vectorize
    interp_label.config(text="解釈失敗: AIエンジンが準備できていないのじゃ", fg="red")
    ~~~~~~~~~~~~~~~~~~~^^^^^^^^^^^^^^^^^^^^^^^^^^^^^^^^^^^^^^^^^^^^^^^^^^^^^^^^^^^^^^^
  File "/usr/lib64/python3.14/tkinter/__init__.py", line 1842, in configure
    return self._configure('configure', cnf, kw)
           ~~~~~~~~~~~~~~~^^^^^^^^^^^^^^^^^^^^^^
  File "/usr/lib64/python3.14/tkinter/__init__.py", line 1826, in _configure
    self.tk.call(_flatten((self._w, cmd)) + self._options(cnf))
    ~~~~~~~~~~~~^^^^^^^^^^^^^^^^^^^^^^^^^^^^^^^^^^^^^^^^^^^^^^^
_tkinter.TclError: invalid command name ".!toplevel5.!frame.!label"

2026-09-14 21:09:17 - GazoToolsLogic - ERROR - [GazoToolsLogic.py:1413] - ベクトル解釈エラー詳細:
Traceback (most recent call last):
  File "/home/masayukitamate/AI_Crieat_room/GazoTools/GazoToolsLogic.py", line 1397, in Drawing
    run_manual_vectorize()
    ~~~~~~~~~~~~~~~~~~~~^^
  File "/home/masayukitamate/AI_Crieat_room/GazoTools/GazoToolsLogic.py", line 1378, in run_manual_vectorize
    interp_label.config(text="解釈失敗: AIエンジンが準備できていないのじゃ", fg="red")
    ~~~~~~~~~~~~~~~~~~~^^^^^^^^^^^^^^^^^^^^^^^^^^^^^^^^^^^^^^^^^^^^^^^^^^^^^^^^^^^^^^^
  File "/usr/lib64/python3.14/tkinter/__init__.py", line 1842, in configure
    return self._configure('configure', cnf, kw)
           ~~~~~~~~~~~~~~~^^^^^^^^^^^^^^^^^^^^^^
  File "/usr/lib64/python3.14/tkinter/__init__.py", line 1826, in _configure
    self.tk.call(_flatten((self._w, cmd)) + self._options(cnf))
    ~~~~~~~~~~~~^^^^^^^^^^^^^^^^^^^^^^^^^^^^^^^^^^^^^^^^^^^^^^^
_tkinter.TclError: invalid command name ".!toplevel5.!frame.!label"

2026-09-14 21:09:17 - GazoToolsLogic - ERROR - [GazoToolsLogic.py:1574] - 画像表示中に例外が発生しました: /home/masayukitamate/画像/e-roな画像たち/ーー確定ーー49585c4e.jpg
Traceback (most recent call last):
  File "/home/masayukitamate/AI_Crieat_room/GazoTools/GazoToolsLogic.py", line 1397, in Drawing
    run_manual_vectorize()
    ~~~~~~~~~~~~~~~~~~~~^^
  File "/home/masayukitamate/AI_Crieat_room/GazoTools/GazoToolsLogic.py", line 1378, in run_manual_vectorize
    interp_label.config(text="解釈失敗: AIエンジンが準備できていないのじゃ", fg="red")
    ~~~~~~~~~~~~~~~~~~~^^^^^^^^^^^^^^^^^^^^^^^^^^^^^^^^^^^^^^^^^^^^^^^^^^^^^^^^^^^^^^^
  File "/usr/lib64/python3.14/tkinter/__init__.py", line 1842, in configure
    return self._configure('configure', cnf, kw)
           ~~~~~~~~~~~~~~~^^^^^^^^^^^^^^^^^^^^^^
  File "/usr/lib64/python3.14/tkinter/__init__.py", line 1826, in _configure
    self.tk.call(_flatten((self._w, cmd)) + self._options(cnf))
    ~~~~~~~~~~~~^^^^^^^^^^^^^^^^^^^^^^^^^^^^^^^^^^^^^^^^^^^^^^^
_tkinter.TclError: invalid command name ".!toplevel5.!frame.!label"

During handling of the above exception, another exception occurred:

Traceback (most recent call last):
  File "/home/masayukitamate/AI_Crieat_room/GazoTools/GazoToolsLogic.py", line 1415, in Drawing
    interp_label.config(text=error_msg, fg="red")
    ~~~~~~~~~~~~~~~~~~~^^^^^^^^^^^^^^^^^^^^^^^^^^
  File "/usr/lib64/python3.14/tkinter/__init__.py", line 1842, in configure
    return self._configure('configure', cnf, kw)
           ~~~~~~~~~~~~~~~^^^^^^^^^^^^^^^^^^^^^^
  File "/usr/lib64/python3.14/tkinter/__init__.py", line 1826, in _configure
    self.tk.call(_flatten((self._w, cmd)) + self._options(cnf))
    ~~~~~~~~~~~~^^^^^^^^^^^^^^^^^^^^^^^^^^^^^^^^^^^^^^^^^^^^^^^
_tkinter.TclError: invalid command name ".!toplevel5.!frame.!label"
2026-09-14 21:09:17 - GazoToolsLogic - ERROR - [GazoToolsLogic.py:1574] - 画像表示中に例外が発生しました: /home/masayukitamate/画像/e-roな画像たち/ーー確定ーー49585c4e.jpg
Traceback (most recent call last):
  File "/home/masayukitamate/AI_Crieat_room/GazoTools/GazoToolsLogic.py", line 1397, in Drawing
    run_manual_vectorize()
    ~~~~~~~~~~~~~~~~~~~~^^
  File "/home/masayukitamate/AI_Crieat_room/GazoTools/GazoToolsLogic.py", line 1378, in run_manual_vectorize
    interp_label.config(text="解釈失敗: AIエンジンが準備できていないのじゃ", fg="red")
    ~~~~~~~~~~~~~~~~~~~^^^^^^^^^^^^^^^^^^^^^^^^^^^^^^^^^^^^^^^^^^^^^^^^^^^^^^^^^^^^^^^
  File "/usr/lib64/python3.14/tkinter/__init__.py", line 1842, in configure
    return self._configure('configure', cnf, kw)
           ~~~~~~~~~~~~~~~^^^^^^^^^^^^^^^^^^^^^^
  File "/usr/lib64/python3.14/tkinter/__init__.py", line 1826, in _configure
    self.tk.call(_flatten((self._w, cmd)) + self._options(cnf))
    ~~~~~~~~~~~~^^^^^^^^^^^^^^^^^^^^^^^^^^^^^^^^^^^^^^^^^^^^^^^
_tkinter.TclError: invalid command name ".!toplevel5.!frame.!label"

During handling of the above exception, another exception occurred:

Traceback (most recent call last):
  File "/home/masayukitamate/AI_Crieat_room/GazoTools/GazoToolsLogic.py", line 1415, in Drawing
    interp_label.config(text=error_msg, fg="red")
    ~~~~~~~~~~~~~~~~~~~^^^^^^^^^^^^^^^^^^^^^^^^^^
  File "/usr/lib64/python3.14/tkinter/__init__.py", line 1842, in configure
    return self._configure('configure', cnf, kw)
           ~~~~~~~~~~~~~~~^^^^^^^^^^^^^^^^^^^^^^
  File "/usr/lib64/python3.14/tkinter/__init__.py", line 1826, in _configure
    self.tk.call(_flatten((self._w, cmd)) + self._options(cnf))
    ~~~~~~~~~~~~^^^^^^^^^^^^^^^^^^^^^^^^^^^^^^^^^^^^^^^^^^^^^^^
_tkinter.TclError: invalid command name ".!toplevel5.!frame.!label"
2026-09-14 21:09:20 - lib.GazoToolsAI - WARNING - [GazoToolsAI.py:33] - torch / torchvision が見つからないため、AI機能は無効化されます
2026-09-14 21:09:50 - GazoToolsLogic - ERROR - [GazoToolsLogic.py:1574] - 画像表示中に例外が発生しました: /home/masayukitamate/画像/e-roな画像たち/017(1).jpg
Traceback (most recent call last):
  File "/home/masayukitamate/AI_Crieat_room/GazoTools/GazoToolsLogic.py", line 1349, in Drawing
    canvas.create_image(0, 0, image=tkimg, anchor=tk.NW)
    ~~~~~~~~~~~~~~~~~~~^^^^^^^^^^^^^^^^^^^^^^^^^^^^^^^^^
  File "/usr/lib64/python3.14/tkinter/__init__.py", line 3021, in create_image
    return self._create('image', args, kw)
           ~~~~~~~~~~~~^^^^^^^^^^^^^^^^^^^
  File "/usr/lib64/python3.14/tkinter/__init__.py", line 3007, in _create
    return self.tk.getint(self.tk.call(
                          ~~~~~~~~~~~~^
        self._w, 'create', itemType,
        ^^^^^^^^^^^^^^^^^^^^^^^^^^^^
        *(args + self._options(cnf, kw))))
        ^^^^^^^^^^^^^^^^^^^^^^^^^^^^^^^^^
_tkinter.TclError: image "pyimage2" does not exist
2026-09-14 21:09:50 - GazoToolsLogic - ERROR - [GazoToolsLogic.py:1574] - 画像表示中に例外が発生しました: /home/masayukitamate/画像/e-roな画像たち/017(1).jpg
Traceback (most recent call last):
  File "/home/masayukitamate/AI_Crieat_room/GazoTools/GazoToolsLogic.py", line 1349, in Drawing
    canvas.create_image(0, 0, image=tkimg, anchor=tk.NW)
    ~~~~~~~~~~~~~~~~~~~^^^^^^^^^^^^^^^^^^^^^^^^^^^^^^^^^
  File "/usr/lib64/python3.14/tkinter/__init__.py", line 3021, in create_image
    return self._create('image', args, kw)
           ~~~~~~~~~~~~^^^^^^^^^^^^^^^^^^^
  File "/usr/lib64/python3.14/tkinter/__init__.py", line 3007, in _create
    return self.tk.getint(self.tk.call(
                          ~~~~~~~~~~~~^
        self._w, 'create', itemType,
        ^^^^^^^^^^^^^^^^^^^^^^^^^^^^
        *(args + self._options(cnf, kw))))
        ^^^^^^^^^^^^^^^^^^^^^^^^^^^^^^^^^
_tkinter.TclError: image "pyimage2" does not exist
2026-09-14 21:09:56 - lib.GazoToolsState - WARNING - [GazoToolsState.py:352] - 不明なウィンドウ: vector_window_geometry
2026-09-14 21:09:56 - lib.GazoToolsState - WARNING - [GazoToolsState.py:352] - 不明なウィンドウ: vector_window_geometry
2026-09-14 21:09:57 - lib.GazoToolsAI - WARNING - [GazoToolsAI.py:61] - AI機能は無効です: torch / torchvision がインストールされていません
2026-09-14 21:09:57 - lib.GazoToolsAI - WARNING - [GazoToolsAI.py:61] - AI機能は無効です: torch / torchvision がインストールされていません
2026-09-14 21:09:57 - GazoToolsLogic - ERROR - [GazoToolsLogic.py:1413] - ベクトル解釈エラー詳細:
Traceback (most recent call last):
  File "/home/masayukitamate/AI_Crieat_room/GazoTools/GazoToolsLogic.py", line 1397, in Drawing
    run_manual_vectorize()
    ~~~~~~~~~~~~~~~~~~~~^^
  File "/home/masayukitamate/AI_Crieat_room/GazoTools/GazoToolsLogic.py", line 1378, in run_manual_vectorize
    interp_label.config(text="解釈失敗: AIエンジンが準備できていないのじゃ", fg="red")
    ~~~~~~~~~~~~~~~~~~~^^^^^^^^^^^^^^^^^^^^^^^^^^^^^^^^^^^^^^^^^^^^^^^^^^^^^^^^^^^^^^^
  File "/usr/lib64/python3.14/tkinter/__init__.py", line 1842, in configure
    return self._configure('configure', cnf, kw)
           ~~~~~~~~~~~~~~~^^^^^^^^^^^^^^^^^^^^^^
  File "/usr/lib64/python3.14/tkinter/__init__.py", line 1826, in _configure
    self.tk.call(_flatten((self._w, cmd)) + self._options(cnf))
    ~~~~~~~~~~~~^^^^^^^^^^^^^^^^^^^^^^^^^^^^^^^^^^^^^^^^^^^^^^^
_tkinter.TclError: invalid command name ".!toplevel5.!frame.!label"

2026-09-14 21:09:57 - GazoToolsLogic - ERROR - [GazoToolsLogic.py:1413] - ベクトル解釈エラー詳細:
Traceback (most recent call last):
  File "/home/masayukitamate/AI_Crieat_room/GazoTools/GazoToolsLogic.py", line 1397, in Drawing
    run_manual_vectorize()
    ~~~~~~~~~~~~~~~~~~~~^^
  File "/home/masayukitamate/AI_Crieat_room/GazoTools/GazoToolsLogic.py", line 1378, in run_manual_vectorize
    interp_label.config(text="解釈失敗: AIエンジンが準備できていないのじゃ", fg="red")
    ~~~~~~~~~~~~~~~~~~~^^^^^^^^^^^^^^^^^^^^^^^^^^^^^^^^^^^^^^^^^^^^^^^^^^^^^^^^^^^^^^^
  File "/usr/lib64/python3.14/tkinter/__init__.py", line 1842, in configure
    return self._configure('configure', cnf, kw)
           ~~~~~~~~~~~~~~~^^^^^^^^^^^^^^^^^^^^^^
  File "/usr/lib64/python3.14/tkinter/__init__.py", line 1826, in _configure
    self.tk.call(_flatten((self._w, cmd)) + self._options(cnf))
    ~~~~~~~~~~~~^^^^^^^^^^^^^^^^^^^^^^^^^^^^^^^^^^^^^^^^^^^^^^^
_tkinter.TclError: invalid command name ".!toplevel5.!frame.!label"

2026-09-14 21:09:57 - GazoToolsLogic - ERROR - [GazoToolsLogic.py:1574] - 画像表示中に例外が発生しました: /home/masayukitamate/画像/e-roな画像たち/ー確定ー使われている感固定111225c_as016.jpg
Traceback (most recent call last):
  File "/home/masayukitamate/AI_Crieat_room/GazoTools/GazoToolsLogic.py", line 1397, in Drawing
    run_manual_vectorize()
    ~~~~~~~~~~~~~~~~~~~~^^
  File "/home/masayukitamate/AI_Crieat_room/GazoTools/GazoToolsLogic.py", line 1378, in run_manual_vectorize
    interp_label.config(text="解釈失敗: AIエンジンが準備できていないのじゃ", fg="red")
    ~~~~~~~~~~~~~~~~~~~^^^^^^^^^^^^^^^^^^^^^^^^^^^^^^^^^^^^^^^^^^^^^^^^^^^^^^^^^^^^^^^
  File "/usr/lib64/python3.14/tkinter/__init__.py", line 1842, in configure
    return self._configure('configure', cnf, kw)
           ~~~~~~~~~~~~~~~^^^^^^^^^^^^^^^^^^^^^^
  File "/usr/lib64/python3.14/tkinter/__init__.py", line 1826, in _configure
    self.tk.call(_flatten((self._w, cmd)) + self._options(cnf))
    ~~~~~~~~~~~~^^^^^^^^^^^^^^^^^^^^^^^^^^^^^^^^^^^^^^^^^^^^^^^
_tkinter.TclError: invalid command name ".!toplevel5.!frame.!label"

During handling of the above exception, another exception occurred:

Traceback (most recent call last):
  File "/home/masayukitamate/AI_Crieat_room/GazoTools/GazoToolsLogic.py", line 1415, in Drawing
    interp_label.config(text=error_msg, fg="red")
    ~~~~~~~~~~~~~~~~~~~^^^^^^^^^^^^^^^^^^^^^^^^^^
  File "/usr/lib64/python3.14/tkinter/__init__.py", line 1842, in configure
    return self._configure('configure', cnf, kw)
           ~~~~~~~~~~~~~~~^^^^^^^^^^^^^^^^^^^^^^
  File "/usr/lib64/python3.14/tkinter/__init__.py", line 1826, in _configure
    self.tk.call(_flatten((self._w, cmd)) + self._options(cnf))
    ~~~~~~~~~~~~^^^^^^^^^^^^^^^^^^^^^^^^^^^^^^^^^^^^^^^^^^^^^^^
_tkinter.TclError: invalid command name ".!toplevel5.!frame.!label"
2026-09-14 21:09:57 - GazoToolsLogic - ERROR - [GazoToolsLogic.py:1574] - 画像表示中に例外が発生しました: /home/masayukitamate/画像/e-roな画像たち/ー確定ー使われている感固定111225c_as016.jpg
Traceback (most recent call last):
  File "/home/masayukitamate/AI_Crieat_room/GazoTools/GazoToolsLogic.py", line 1397, in Drawing
    run_manual_vectorize()
    ~~~~~~~~~~~~~~~~~~~~^^
  File "/home/masayukitamate/AI_Crieat_room/GazoTools/GazoToolsLogic.py", line 1378, in run_manual_vectorize
    interp_label.config(text="解釈失敗: AIエンジンが準備できていないのじゃ", fg="red")
    ~~~~~~~~~~~~~~~~~~~^^^^^^^^^^^^^^^^^^^^^^^^^^^^^^^^^^^^^^^^^^^^^^^^^^^^^^^^^^^^^^^
  File "/usr/lib64/python3.14/tkinter/__init__.py", line 1842, in configure
    return self._configure('configure', cnf, kw)
           ~~~~~~~~~~~~~~~^^^^^^^^^^^^^^^^^^^^^^
  File "/usr/lib64/python3.14/tkinter/__init__.py", line 1826, in _configure
    self.tk.call(_flatten((self._w, cmd)) + self._options(cnf))
    ~~~~~~~~~~~~^^^^^^^^^^^^^^^^^^^^^^^^^^^^^^^^^^^^^^^^^^^^^^^
_tkinter.TclError: invalid command name ".!toplevel5.!frame.!label"

During handling of the above exception, another exception occurred:

Traceback (most recent call last):
  File "/home/masayukitamate/AI_Crieat_room/GazoTools/GazoToolsLogic.py", line 1415, in Drawing
    interp_label.config(text=error_msg, fg="red")
    ~~~~~~~~~~~~~~~~~~~^^^^^^^^^^^^^^^^^^^^^^^^^^
  File "/usr/lib64/python3.14/tkinter/__init__.py", line 1842, in configure
    return self._configure('configure', cnf, kw)
           ~~~~~~~~~~~~~~~^^^^^^^^^^^^^^^^^^^^^^
  File "/usr/lib64/python3.14/tkinter/__init__.py", line 1826, in _configure
    self.tk.call(_flatten((self._w, cmd)) + self._options(cnf))
    ~~~~~~~~~~~~^^^^^^^^^^^^^^^^^^^^^^^^^^^^^^^^^^^^^^^^^^^^^^^
_tkinter.TclError: invalid command name ".!toplevel5.!frame.!label"
2026-09-14 21:14:44 - lib.GazoToolsAI - WARNING - [GazoToolsAI.py:33] - torch / torchvision が見つからないため、AI機能は無効化されます
2026-09-14 21:14:52 - GazoToolsLogic - ERROR - [GazoToolsLogic.py:1605] - 画像表示中に例外が発生しました: /home/masayukitamate/画像/e-roな画像たち/ー確定ー使われている感固定111225c_as016.jpg
Traceback (most recent call last):
  File "/home/masayukitamate/AI_Crieat_room/GazoTools/GazoToolsLogic.py", line 1288, in Drawing
    if hasattr(win, '_tk_image_refs'):
               ^^^
UnboundLocalError: cannot access local variable 'win' where it is not associated with a value
2026-09-14 21:16:50 - lib.GazoToolsState - WARNING - [GazoToolsState.py:352] - 不明なウィンドウ: vector_window_geometry
2026-09-14 21:17:02 - lib.GazoToolsAI - WARNING - [GazoToolsAI.py:33] - torch / torchvision が見つからないため、AI機能は無効化されます
2026-09-14 21:17:17 - GazoToolsLogic - ERROR - [GazoToolsLogic.py:1604] - 画像表示中に例外が発生しました: /home/masayukitamate/画像/e-roな画像たち/017(1).jpg
Traceback (most recent call last):
  File "/home/masayukitamate/AI_Crieat_room/GazoTools/GazoToolsLogic.py", line 1357, in Drawing
    canvas.create_image(0, 0, image=tkimg, anchor=tk.NW)
    ~~~~~~~~~~~~~~~~~~~^^^^^^^^^^^^^^^^^^^^^^^^^^^^^^^^^
  File "/usr/lib64/python3.14/tkinter/__init__.py", line 3021, in create_image
    return self._create('image', args, kw)
           ~~~~~~~~~~~~^^^^^^^^^^^^^^^^^^^
  File "/usr/lib64/python3.14/tkinter/__init__.py", line 3007, in _create
    return self.tk.getint(self.tk.call(
                          ~~~~~~~~~~~~^
        self._w, 'create', itemType,
        ^^^^^^^^^^^^^^^^^^^^^^^^^^^^
        *(args + self._options(cnf, kw))))
        ^^^^^^^^^^^^^^^^^^^^^^^^^^^^^^^^^
_tkinter.TclError: image "pyimage2" does not exist
2026-09-14 21:17:17 - GazoToolsLogic - ERROR - [GazoToolsLogic.py:1604] - 画像表示中に例外が発生しました: /home/masayukitamate/画像/e-roな画像たち/017(1).jpg
Traceback (most recent call last):
  File "/home/masayukitamate/AI_Crieat_room/GazoTools/GazoToolsLogic.py", line 1357, in Drawing
    canvas.create_image(0, 0, image=tkimg, anchor=tk.NW)
    ~~~~~~~~~~~~~~~~~~~^^^^^^^^^^^^^^^^^^^^^^^^^^^^^^^^^
  File "/usr/lib64/python3.14/tkinter/__init__.py", line 3021, in create_image
    return self._create('image', args, kw)
           ~~~~~~~~~~~~^^^^^^^^^^^^^^^^^^^
  File "/usr/lib64/python3.14/tkinter/__init__.py", line 3007, in _create
    return self.tk.getint(self.tk.call(
                          ~~~~~~~~~~~~^
        self._w, 'create', itemType,
        ^^^^^^^^^^^^^^^^^^^^^^^^^^^^
        *(args + self._options(cnf, kw))))
        ^^^^^^^^^^^^^^^^^^^^^^^^^^^^^^^^^
_tkinter.TclError: image "pyimage2" does not exist
2026-09-14 21:24:02 - lib.GazoToolsAI - WARNING - [GazoToolsAI.py:33] - torch / torchvision が見つからないため、AI機能は無効化されます
2026-09-14 21:24:20 - GazoToolsLogic - ERROR - [GazoToolsLogic.py:1604] - 画像表示中に例外が発生しました: /home/masayukitamate/画像/e-roな画像たち/38.webp
Traceback (most recent call last):
  File "/home/masayukitamate/AI_Crieat_room/GazoTools/GazoToolsLogic.py", line 1357, in Drawing
    canvas.create_image(0, 0, image=tkimg, anchor=tk.NW)
    ~~~~~~~~~~~~~~~~~~~^^^^^^^^^^^^^^^^^^^^^^^^^^^^^^^^^
  File "/usr/lib64/python3.14/tkinter/__init__.py", line 3021, in create_image
    return self._create('image', args, kw)
           ~~~~~~~~~~~~^^^^^^^^^^^^^^^^^^^
  File "/usr/lib64/python3.14/tkinter/__init__.py", line 3007, in _create
    return self.tk.getint(self.tk.call(
                          ~~~~~~~~~~~~^
        self._w, 'create', itemType,
        ^^^^^^^^^^^^^^^^^^^^^^^^^^^^
        *(args + self._options(cnf, kw))))
        ^^^^^^^^^^^^^^^^^^^^^^^^^^^^^^^^^
_tkinter.TclError: image "pyimage2" does not exist
2026-09-14 21:25:50 - lib.GazoToolsAI - WARNING - [GazoToolsAI.py:61] - AI機能は無効です: torch / torchvision がインストールされていません
2026-09-14 21:25:50 - GazoToolsLogic - ERROR - [GazoToolsLogic.py:1604] - 画像表示中に例外が発生しました: /home/masayukitamate/画像/e-roな画像たち/ー確定ー女満同士170611045.gif
Traceback (most recent call last):
  File "/home/masayukitamate/AI_Crieat_room/GazoTools/GazoToolsLogic.py", line 1455, in Drawing
    interp_label.bind("<Button-3>", on_interp_right_click)
    ~~~~~~~~~~~~~~~~~^^^^^^^^^^^^^^^^^^^^^^^^^^^^^^^^^^^^^
  File "/usr/lib64/python3.14/tkinter/__init__.py", line 1559, in bind
    return self._bind(('bind', self._w), sequence, func, add)
           ~~~~~~~~~~^^^^^^^^^^^^^^^^^^^^^^^^^^^^^^^^^^^^^^^^
  File "/usr/lib64/python3.14/tkinter/__init__.py", line 1513, in _bind
    self.tk.call(what + (sequence, cmd))
    ~~~~~~~~~~~~^^^^^^^^^^^^^^^^^^^^^^^^
_tkinter.TclError: bad window path name ".!toplevel5.!frame.!label"
2026-09-14 21:25:56 - lib.GazoToolsAI - WARNING - [GazoToolsAI.py:33] - torch / torchvision が見つからないため、AI機能は無効化されます
2026-09-14 21:26:28 - lib.GazoToolsState - WARNING - [GazoToolsState.py:352] - 不明なウィンドウ: vector_window_geometry
2026-09-14 21:26:28 - lib.GazoToolsAI - WARNING - [GazoToolsAI.py:61] - AI機能は無効です: torch / torchvision がインストールされていません
2026-09-14 21:26:28 - GazoToolsLogic - ERROR - [GazoToolsLogic.py:1604] - 画像表示中に例外が発生しました: /home/masayukitamate/画像/e-roな画像たち/挿入18.webp
Traceback (most recent call last):
  File "/home/masayukitamate/AI_Crieat_room/GazoTools/GazoToolsLogic.py", line 1455, in Drawing
    interp_label.bind("<Button-3>", on_interp_right_click)
    ~~~~~~~~~~~~~~~~~^^^^^^^^^^^^^^^^^^^^^^^^^^^^^^^^^^^^^
  File "/usr/lib64/python3.14/tkinter/__init__.py", line 1559, in bind
    return self._bind(('bind', self._w), sequence, func, add)
           ~~~~~~~~~~^^^^^^^^^^^^^^^^^^^^^^^^^^^^^^^^^^^^^^^^
  File "/usr/lib64/python3.14/tkinter/__init__.py", line 1513, in _bind
    self.tk.call(what + (sequence, cmd))
    ~~~~~~~~~~~~^^^^^^^^^^^^^^^^^^^^^^^^
_tkinter.TclError: bad window path name ".!toplevel5.!frame.!label"
2026-09-14 21:31:05 - lib.GazoToolsAI - WARNING - [GazoToolsAI.py:33] - torch / torchvision が見つからないため、AI機能は無効化されます
2026-09-14 21:32:46 - lib.GazoToolsAI - WARNING - [GazoToolsAI.py:33] - torch / torchvision が見つからないため、AI機能は無効化されます
2026-09-14 21:33:00 - GazoToolsLogic - ERROR - [GazoToolsLogic.py:1615] - 画像表示中に例外が発生しました: /home/masayukitamate/画像/e-roな画像たち/ー確定ー使われている感固定111225c_as016.jpg
Traceback (most recent call last):
  File "/home/masayukitamate/AI_Crieat_room/GazoTools/GazoToolsLogic.py", line 1367, in Drawing
    canvas.create_image(0, 0, image=tkimg, anchor=tk.NW)
    ~~~~~~~~~~~~~~~~~~~^^^^^^^^^^^^^^^^^^^^^^^^^^^^^^^^^
  File "/usr/lib64/python3.14/tkinter/__init__.py", line 3021, in create_image
    return self._create('image', args, kw)
           ~~~~~~~~~~~~^^^^^^^^^^^^^^^^^^^
  File "/usr/lib64/python3.14/tkinter/__init__.py", line 3007, in _create
    return self.tk.getint(self.tk.call(
                          ~~~~~~~~~~~~^
        self._w, 'create', itemType,
        ^^^^^^^^^^^^^^^^^^^^^^^^^^^^
        *(args + self._options(cnf, kw))))
        ^^^^^^^^^^^^^^^^^^^^^^^^^^^^^^^^^
_tkinter.TclError: image "pyimage2" does not exist
2026-09-14 21:38:25 - lib.GazoToolsState - WARNING - [GazoToolsState.py:352] - 不明なウィンドウ: vector_window_geometry
2026-09-14 21:38:25 - lib.GazoToolsAI - WARNING - [GazoToolsAI.py:61] - AI機能は無効です: torch / torchvision がインストールされていません
2026-09-14 21:38:25 - GazoToolsLogic - ERROR - [GazoToolsLogic.py:1615] - 画像表示中に例外が発生しました: /home/masayukitamate/画像/e-roな画像たち/IMG_1572.WEBP
Traceback (most recent call last):
  File "/home/masayukitamate/AI_Crieat_room/GazoTools/GazoToolsLogic.py", line 1465, in Drawing
    interp_label.bind("<Button-3>", on_interp_right_click)
    ~~~~~~~~~~~~~~~~~^^^^^^^^^^^^^^^^^^^^^^^^^^^^^^^^^^^^^
  File "/usr/lib64/python3.14/tkinter/__init__.py", line 1559, in bind
    return self._bind(('bind', self._w), sequence, func, add)
           ~~~~~~~~~~^^^^^^^^^^^^^^^^^^^^^^^^^^^^^^^^^^^^^^^^
  File "/usr/lib64/python3.14/tkinter/__init__.py", line 1513, in _bind
    self.tk.call(what + (sequence, cmd))
    ~~~~~~~~~~~~^^^^^^^^^^^^^^^^^^^^^^^^
_tkinter.TclError: bad window path name ".!toplevel5.!frame.!label"
2026-09-14 21:38:30 - lib.GazoToolsAI - WARNING - [GazoToolsAI.py:33] - torch / torchvision が見つからないため、AI機能は無効化されます
2026-09-14 21:39:05 - lib.GazoToolsState - WARNING - [GazoToolsState.py:352] - 不明なウィンドウ: vector_window_geometry
2026-09-14 21:39:05 - lib.GazoToolsState - WARNING - [GazoToolsState.py:352] - 不明なウィンドウ: vector_window_geometry
2026-09-14 21:39:05 - lib.GazoToolsAI - WARNING - [GazoToolsAI.py:61] - AI機能は無効です: torch / torchvision がインストールされていません
2026-09-14 21:39:05 - GazoToolsLogic - ERROR - [GazoToolsLogic.py:1615] - 画像表示中に例外が発生しました: /home/masayukitamate/画像/e-roな画像たち/ーー確定ーーmondai_nai86-045.jpg
Traceback (most recent call last):
  File "/home/masayukitamate/AI_Crieat_room/GazoTools/GazoToolsLogic.py", line 1465, in Drawing
    interp_label.bind("<Button-3>", on_interp_right_click)
    ~~~~~~~~~~~~~~~~~^^^^^^^^^^^^^^^^^^^^^^^^^^^^^^^^^^^^^
  File "/usr/lib64/python3.14/tkinter/__init__.py", line 1559, in bind
    return self._bind(('bind', self._w), sequence, func, add)
           ~~~~~~~~~~^^^^^^^^^^^^^^^^^^^^^^^^^^^^^^^^^^^^^^^^
  File "/usr/lib64/python3.14/tkinter/__init__.py", line 1513, in _bind
    self.tk.call(what + (sequence, cmd))
    ~~~~~~~~~~~~^^^^^^^^^^^^^^^^^^^^^^^^
_tkinter.TclError: cannot invoke "bind" command: application has been destroyed
2026-09-14 21:39:08 - lib.GazoToolsAI - WARNING - [GazoToolsAI.py:33] - torch / torchvision が見つからないため、AI機能は無効化されます
2026-09-14 21:41:58 - lib.GazoToolsAI - WARNING - [GazoToolsAI.py:61] - AI機能は無効です: torch / torchvision がインストールされていません
2026-09-14 21:42:14 - lib.GazoToolsState - WARNING - [GazoToolsState.py:352] - 不明なウィンドウ: vector_window_geometry
2026-09-14 21:42:14 - lib.GazoToolsState - WARNING - [GazoToolsState.py:352] - 不明なウィンドウ: vector_window_geometry
2026-09-14 21:42:14 - GazoToolsLogic - ERROR - [GazoToolsLogic.py:1615] - 画像表示中に例外が発生しました: /home/masayukitamate/画像/e-roな画像たち/☆挿入32492db8.jpg
Traceback (most recent call last):
  File "/home/masayukitamate/AI_Crieat_room/GazoTools/GazoToolsLogic.py", line 1465, in Drawing
    interp_label.bind("<Button-3>", on_interp_right_click)
    ~~~~~~~~~~~~~~~~~^^^^^^^^^^^^^^^^^^^^^^^^^^^^^^^^^^^^^
  File "/usr/lib64/python3.14/tkinter/__init__.py", line 1559, in bind
    return self._bind(('bind', self._w), sequence, func, add)
           ~~~~~~~~~~^^^^^^^^^^^^^^^^^^^^^^^^^^^^^^^^^^^^^^^^
  File "/usr/lib64/python3.14/tkinter/__init__.py", line 1513, in _bind
    self.tk.call(what + (sequence, cmd))
    ~~~~~~~~~~~~^^^^^^^^^^^^^^^^^^^^^^^^
_tkinter.TclError: cannot invoke "bind" command: application has been destroyed
2026-09-14 21:43:11 - lib.GazoToolsAI - WARNING - [GazoToolsAI.py:33] - torch / torchvision が見つからないため、AI機能は無効化されます
2026-09-14 21:43:15 - lib.GazoToolsAI - WARNING - [GazoToolsAI.py:61] - AI機能は無効です: torch / torchvision がインストールされていません
2026-09-14 22:01:17 - lib.GazoToolsState - WARNING - [GazoToolsState.py:352] - 不明なウィンドウ: vector_window_geometry
2026-09-14 22:01:46 - lib.GazoToolsAI - WARNING - [GazoToolsAI.py:33] - torch / torchvision が見つからないため、AI機能は無効化されます
2026-09-14 22:08:22 - lib.GazoToolsState - WARNING - [GazoToolsState.py:352] - 不明なウィンドウ: vector_window_geometry
2026-09-14 22:08:42 - lib.GazoToolsAI - WARNING - [GazoToolsAI.py:33] - torch / torchvision が見つからないため、AI機能は無効化されます
